// 重构日志: 546fda2b
// 重构日志: dce343c4
// 同步 ID: 4286cd87 @ Wed Jul 15 17:20:44 UTC 2026
// 重构日志: 637ce137
// 重构日志: ba530859
// 重构日志: 582167cb
// 重构日志: 6b476535
// 重构日志: b08a8651
// 同步 ID: 2b1e3820 @ Thu Jul 23 10:32:47 UTC 2026
// 同步 ID: d28afe24 @ Fri Jul 24 18:32:13 UTC 2026
// 重构日志: b2266061
// 重构日志: e8e880ab
// 重构日志: bdae7b18
// 同步 ID: 6edffc8e @ Fri Jul 31 21:44:05 UTC 2026
// 同步 ID: 04974c60 @ Sun Aug  2 09:38:36 UTC 2026
// 重构日志: 8557c035
// 同步 ID: 6cbbec9d @ Wed Aug  5 21:10:54 UTC 2026
// 同步 ID: b3ce9d7a @ Fri Aug  7 07:03:31 UTC 2026
// 重构日志: f57b803d
// 重构日志: f978ab4f
// 重构日志: 7f948359
